
Warning: Module "mysqli" is already loaded in Unknown on line 0

Warning: Module "mysqli" is already loaded in Unknown on line 0

   PASS  Tests\Unit\ExampleTest
  Γ£ô that true is trΓÇª 0.01s  

   FAIL  Tests\Feature\ExampleTest
  Γ¿» the applicationΓÇª 2.94s  
  ΓöÇΓöÇΓöÇΓöÇΓöÇΓöÇΓöÇΓöÇΓöÇΓöÇΓöÇΓöÇΓöÇΓöÇΓöÇΓöÇΓöÇΓöÇΓöÇΓöÇΓöÇΓöÇΓöÇΓöÇ  
   FAILED  Tests\FeatureΓÇª   
  Expected response status code [200] but received 500.
Failed asserting that 500 is identical to 200.

The following exception occurred during the last request:

PDOException: SQLSTATE[HY000]: General error: 1 no such table: artikels in C:\Users\ACER\MyTimeinUnivecity\CakraManggala\Web CakraManggala\vendor\laravel\framework\src\Illuminate\Database\Connection.php:404
Stack trace:
#0 C:\Users\ACER\MyTimeinUnivecity\CakraManggala\Web CakraManggala\vendor\laravel\framework\src\Illuminate\Database\Connection.php(404): PDO->prepare('select * from "...')
#1 C:\Users\ACER\MyTimeinUnivecity\CakraManggala\Web CakraManggala\vendor\laravel\framework\src\Illuminate\Database\Connection.php(809): Illuminate\Database\Connection->{closure:Illuminate\Database\Connection::select():395}('select * from "...', Array)
#2 C:\Users\ACER\MyTimeinUnivecity\CakraManggala\Web CakraManggala\vendor\laravel\framework\src\Illuminate\Database\Connection.php(776): Illuminate\Database\Connection->runQueryCallback('select * from "...', Array, Object(Closure))
#3 C:\Users\ACER\MyTimeinUnivecity\CakraManggala\Web CakraManggala\vendor\laravel\framework\src\Illuminate\Database\Connection.php(395): Illuminate\Database\Connection->run('select * from "...', Array, Object(Closure))
#4 C:\Users\ACER\MyTimeinUnivecity\CakraManggala\Web CakraManggala\vendor\laravel\framework\src\Illuminate\Database\Query\Builder.php(3131): Illuminate\Database\Connection->select('select * from "...', Array, true)
#5 C:\Users\ACER\MyTimeinUnivecity\CakraManggala\Web CakraManggala\vendor\laravel\framework\src\Illuminate\Database\Query\Builder.php(3116): Illuminate\Database\Query\Builder->runSelect()
#6 C:\Users\ACER\MyTimeinUnivecity\CakraManggala\Web CakraManggala\vendor\laravel\framework\src\Illuminate\Database\Query\Builder.php(3706): Illuminate\Database\Query\Builder->{closure:Illuminate\Database\Query\Builder::get():3115}()
#7 C:\Users\ACER\MyTimeinUnivecity\CakraManggala\Web CakraManggala\vendor\laravel\framework\src\Illuminate\Database\Query\Builder.php(3115): Illuminate\Database\Query\Builder->onceWithColumns(Array, Object(Closure))
#8 C:\Users\ACER\MyTimeinUnivecity\CakraManggala\Web CakraManggala\vendor\laravel\framework\src\Illuminate\Database\Eloquent\Builder.php(872): Illuminate\Database\Query\Builder->get(Array)
#9 C:\Users\ACER\MyTimeinUnivecity\CakraManggala\Web CakraManggala\vendor\laravel\framework\src\Illuminate\Database\Eloquent\Builder.php(854): Illuminate\Database\Eloquent\Builder->getModels(Array)
#10 C:\Users\ACER\MyTimeinUnivecity\CakraManggala\Web CakraManggala\app\Http\Controllers\HomeController.php(21): Illuminate\Database\Eloquent\Builder->get()
#11 C:\Users\ACER\MyTimeinUnivecity\CakraManggala\Web CakraManggala\vendor\laravel\framework\src\Illuminate\Routing\Controller.php(54): App\Http\Controllers\HomeController->index()
#12 C:\Users\ACER\MyTimeinUnivecity\CakraManggala\Web CakraManggala\vendor\laravel\framework\src\Illuminate\Routing\ControllerDispatcher.php(43): Illuminate\Routing\Controller->callAction('index', Array)
#13 C:\Users\ACER\MyTimeinUnivecity\CakraManggala\Web CakraManggala\vendor\laravel\framework\src\Illuminate\Routing\Route.php(265): Illuminate\Routing\ControllerDispatcher->dispatch(Object(Illuminate\Routing\Route), Object(App\Http\Controllers\HomeController), 'index')
#14 C:\Users\ACER\MyTimeinUnivecity\CakraManggala\Web CakraManggala\vendor\laravel\framework\src\Illuminate\Routing\Route.php(211): Illuminate\Routing\Route->runController()
#15 C:\Users\ACER\MyTimeinUnivecity\CakraManggala\Web CakraManggala\vendor\laravel\framework\src\Illuminate\Routing\Router.php(808): Illuminate\Routing\Route->run()
#16 C:\Users\ACER\MyTimeinUnivecity\CakraManggala\Web CakraManggala\vendor\laravel\framework\src\Illuminate\Pipeline\Pipeline.php(169): Illuminate\Routing\Router->{closure:Illuminate\Routing\Router::runRouteWithinStack():807}(Object(Illuminate\Http\Request))
#17 C:\Users\ACER\MyTimeinUnivecity\CakraManggala\Web CakraManggala\vendor\laravel\framework\src\Illuminate\Routing\Middleware\SubstituteBindings.php(50): Illuminate\Pipeline\Pipeline->{closure:Illuminate\Pipeline\Pipeline::prepareDestination():167}(Object(Illuminate\Http\Request))
#18 C:\Users\ACER\MyTimeinUnivecity\CakraManggala\Web CakraManggala\vendor\laravel\framework\src\Illuminate\Pipeline\Pipeline.php(208): Illuminate\Routing\Middleware\SubstituteBindings->handle(Object(Illuminate\Http\Request), Object(Closure))
#19 C:\Users\ACER\MyTimeinUnivecity\CakraManggala\Web CakraManggala\vendor\laravel\framework\src\Illuminate\Foundation\Http\Middleware\VerifyCsrfToken.php(87): Illuminate\Pipeline\Pipeline->{closure:{closure:Illuminate\Pipeline\Pipeline::carry():183}:184}(Object(Illuminate\Http\Request))
#20 C:\Users\ACER\MyTimeinUnivecity\CakraManggala\Web CakraManggala\vendor\laravel\framework\src\Illuminate\Pipeline\Pipeline.php(208): Illuminate\Foundation\Http\Middleware\VerifyCsrfToken->handle(Object(Illuminate\Http\Request), Object(Closure))
#21 C:\Users\ACER\MyTimeinUnivecity\CakraManggala\Web CakraManggala\vendor\laravel\framework\src\Illuminate\View\Middleware\ShareErrorsFromSession.php(48): Illuminate\Pipeline\Pipeline->{closure:{closure:Illuminate\Pipeline\Pipeline::carry():183}:184}(Object(Illuminate\Http\Request))
#22 C:\Users\ACER\MyTimeinUnivecity\CakraManggala\Web CakraManggala\vendor\laravel\framework\src\Illuminate\Pipeline\Pipeline.php(208): Illuminate\View\Middleware\ShareErrorsFromSession->handle(Object(Illuminate\Http\Request), Object(Closure))
#23 C:\Users\ACER\MyTimeinUnivecity\CakraManggala\Web CakraManggala\vendor\laravel\framework\src\Illuminate\Session\Middleware\StartSession.php(120): Illuminate\Pipeline\Pipeline->{closure:{closure:Illuminate\Pipeline\Pipeline::carry():183}:184}(Object(Illuminate\Http\Request))
#24 C:\Users\ACER\MyTimeinUnivecity\CakraManggala\Web CakraManggala\vendor\laravel\framework\src\Illuminate\Session\Middleware\StartSession.php(63): Illuminate\Session\Middleware\StartSession->handleStatefulRequest(Object(Illuminate\Http\Request), Object(Illuminate\Session\Store), Object(Closure))
#25 C:\Users\ACER\MyTimeinUnivecity\CakraManggala\Web CakraManggala\vendor\laravel\framework\src\Illuminate\Pipeline\Pipeline.php(208): Illuminate\Session\Middleware\StartSession->handle(Object(Illuminate\Http\Request), Object(Closure))
#26 C:\Users\ACER\MyTimeinUnivecity\CakraManggala\Web CakraManggala\vendor\laravel\framework\src\Illuminate\Cookie\Middleware\AddQueuedCookiesToResponse.php(36): Illuminate\Pipeline\Pipeline->{closure:{closure:Illuminate\Pipeline\Pipeline::carry():183}:184}(Object(Illuminate\Http\Request))
#27 C:\Users\ACER\MyTimeinUnivecity\CakraManggala\Web CakraManggala\vendor\laravel\framework\src\Illuminate\Pipeline\Pipeline.php(208): Illuminate\Cookie\Middleware\AddQueuedCookiesToResponse->handle(Object(Illuminate\Http\Request), Object(Closure))
#28 C:\Users\ACER\MyTimeinUnivecity\CakraManggala\Web CakraManggala\vendor\laravel\framework\src\Illuminate\Cookie\Middleware\EncryptCookies.php(74): Illuminate\Pipeline\Pipeline->{closure:{closure:Illuminate\Pipeline\Pipeline::carry():183}:184}(Object(Illuminate\Http\Request))
#29 C:\Users\ACER\MyTimeinUnivecity\CakraManggala\Web CakraManggala\vendor\laravel\framework\src\Illuminate\Pipeline\Pipeline.php(208): Illuminate\Cookie\Middleware\EncryptCookies->handle(Object(Illuminate\Http\Request), Object(Closure))
#30 C:\Users\ACER\MyTimeinUnivecity\CakraManggala\Web CakraManggala\vendor\laravel\framework\src\Illuminate\Pipeline\Pipeline.php(126): Illuminate\Pipeline\Pipeline->{closure:{closure:Illuminate\Pipeline\Pipeline::carry():183}:184}(Object(Illuminate\Http\Request))
#31 C:\Users\ACER\MyTimeinUnivecity\CakraManggala\Web CakraManggala\vendor\laravel\framework\src\Illuminate\Routing\Router.php(807): Illuminate\Pipeline\Pipeline->then(Object(Closure))
#32 C:\Users\ACER\MyTimeinUnivecity\CakraManggala\Web CakraManggala\vendor\laravel\framework\src\Illuminate\Routing\Router.php(786): Illuminate\Routing\Router->runRouteWithinStack(Object(Illuminate\Routing\Route), Object(Illuminate\Http\Request))
#33 C:\Users\ACER\MyTimeinUnivecity\CakraManggala\Web CakraManggala\vendor\laravel\framework\src\Illuminate\Routing\Router.php(750): Illuminate\Routing\Router->runRoute(Object(Illuminate\Http\Request), Object(Illuminate\Routing\Route))
#34 C:\Users\ACER\MyTimeinUnivecity\CakraManggala\Web CakraManggala\vendor\laravel\framework\src\Illuminate\Routing\Router.php(739): Illuminate\Routing\Router->dispatchToRoute(Object(Illuminate\Http\Request))
#35 C:\Users\ACER\MyTimeinUnivecity\CakraManggala\Web CakraManggala\vendor\laravel\framework\src\Illuminate\Foundation\Http\Kernel.php(200): Illuminate\Routing\Router->dispatch(Object(Illuminate\Http\Request))
#36 C:\Users\ACER\MyTimeinUnivecity\CakraManggala\Web CakraManggala\vendor\laravel\framework\src\Illuminate\Pipeline\Pipeline.php(169): Illuminate\Foundation\Http\Kernel->{closure:Illuminate\Foundation\Http\Kernel::dispatchToRouter():197}(Object(Illuminate\Http\Request))
#37 C:\Users\ACER\MyTimeinUnivecity\CakraManggala\Web CakraManggala\vendor\laravel\framework\src\Illuminate\Foundation\Http\Middleware\TransformsRequest.php(21): Illuminate\Pipeline\Pipeline->{closure:Illuminate\Pipeline\Pipeline::prepareDestination():167}(Object(Illuminate\Http\Request))
#38 C:\Users\ACER\MyTimeinUnivecity\CakraManggala\Web CakraManggala\vendor\laravel\framework\src\Illuminate\Foundation\Http\Middleware\ConvertEmptyStringsToNull.php(31): Illuminate\Foundation\Http\Middleware\TransformsRequest->handle(Object(Illuminate\Http\Request), Object(Closure))
#39 C:\Users\ACER\MyTimeinUnivecity\CakraManggala\Web CakraManggala\vendor\laravel\framework\src\Illuminate\Pipeline\Pipeline.php(208): Illuminate\Foundation\Http\Middleware\ConvertEmptyStringsToNull->handle(Object(Illuminate\Http\Request), Object(Closure))
#40 C:\Users\ACER\MyTimeinUnivecity\CakraManggala\Web CakraManggala\vendor\laravel\framework\src\Illuminate\Foundation\Http\Middleware\TransformsRequest.php(21): Illuminate\Pipeline\Pipeline->{closure:{closure:Illuminate\Pipeline\Pipeline::carry():183}:184}(Object(Illuminate\Http\Request))
#41 C:\Users\ACER\MyTimeinUnivecity\CakraManggala\Web CakraManggala\vendor\laravel\framework\src\Illuminate\Foundation\Http\Middleware\TrimStrings.php(51): Illuminate\Foundation\Http\Middleware\TransformsRequest->handle(Object(Illuminate\Http\Request), Object(Closure))
#42 C:\Users\ACER\MyTimeinUnivecity\CakraManggala\Web CakraManggala\vendor\laravel\framework\src\Illuminate\Pipeline\Pipeline.php(208): Illuminate\Foundation\Http\Middleware\TrimStrings->handle(Object(Illuminate\Http\Request), Object(Closure))
#43 C:\Users\ACER\MyTimeinUnivecity\CakraManggala\Web CakraManggala\vendor\laravel\framework\src\Illuminate\Http\Middleware\ValidatePostSize.php(27): Illuminate\Pipeline\Pipeline->{closure:{closure:Illuminate\Pipeline\Pipeline::carry():183}:184}(Object(Illuminate\Http\Request))
#44 C:\Users\ACER\MyTimeinUnivecity\CakraManggala\Web CakraManggala\vendor\laravel\framework\src\Illuminate\Pipeline\Pipeline.php(208): Illuminate\Http\Middleware\ValidatePostSize->handle(Object(Illuminate\Http\Request), Object(Closure))
#45 C:\Users\ACER\MyTimeinUnivecity\CakraManggala\Web CakraManggala\vendor\laravel\framework\src\Illuminate\Foundation\Http\Middleware\PreventRequestsDuringMaintenance.php(109): Illuminate\Pipeline\Pipeline->{closure:{closure:Illuminate\Pipeline\Pipeline::carry():183}:184}(Object(Illuminate\Http\Request))
#46 C:\Users\ACER\MyTimeinUnivecity\CakraManggala\Web CakraManggala\vendor\laravel\framework\src\Illuminate\Pipeline\Pipeline.php(208): Illuminate\Foundation\Http\Middleware\PreventRequestsDuringMaintenance->handle(Object(Illuminate\Http\Request), Object(Closure))
#47 C:\Users\ACER\MyTimeinUnivecity\CakraManggala\Web CakraManggala\vendor\laravel\framework\src\Illuminate\Http\Middleware\HandleCors.php(48): Illuminate\Pipeline\Pipeline->{closure:{closure:Illuminate\Pipeline\Pipeline::carry():183}:184}(Object(Illuminate\Http\Request))
#48 C:\Users\ACER\MyTimeinUnivecity\CakraManggala\Web CakraManggala\vendor\laravel\framework\src\Illuminate\Pipeline\Pipeline.php(208): Illuminate\Http\Middleware\HandleCors->handle(Object(Illuminate\Http\Request), Object(Closure))
#49 C:\Users\ACER\MyTimeinUnivecity\CakraManggala\Web CakraManggala\vendor\laravel\framework\src\Illuminate\Http\Middleware\TrustProxies.php(58): Illuminate\Pipeline\Pipeline->{closure:{closure:Illuminate\Pipeline\Pipeline::carry():183}:184}(Object(Illuminate\Http\Request))
#50 C:\Users\ACER\MyTimeinUnivecity\CakraManggala\Web CakraManggala\vendor\laravel\framework\src\Illuminate\Pipeline\Pipeline.php(208): Illuminate\Http\Middleware\TrustProxies->handle(Object(Illuminate\Http\Request), Object(Closure))
#51 C:\Users\ACER\MyTimeinUnivecity\CakraManggala\Web CakraManggala\vendor\laravel\framework\src\Illuminate\Foundation\Http\Middleware\InvokeDeferredCallbacks.php(22): Illuminate\Pipeline\Pipeline->{closure:{closure:Illuminate\Pipeline\Pipeline::carry():183}:184}(Object(Illuminate\Http\Request))
#52 C:\Users\ACER\MyTimeinUnivecity\CakraManggala\Web CakraManggala\vendor\laravel\framework\src\Illuminate\Pipeline\Pipeline.php(208): Illuminate\Foundation\Http\Middleware\InvokeDeferredCallbacks->handle(Object(Illuminate\Http\Request), Object(Closure))
#53 C:\Users\ACER\MyTimeinUnivecity\CakraManggala\Web CakraManggala\vendor\laravel\framework\src\Illuminate\Http\Middleware\ValidatePathEncoding.php(26): Illuminate\Pipeline\Pipeline->{closure:{closure:Illuminate\Pipeline\Pipeline::carry():183}:184}(Object(Illuminate\Http\Request))
#54 C:\Users\ACER\MyTimeinUnivecity\CakraManggala\Web CakraManggala\vendor\laravel\framework\src\Illuminate\Pipeline\Pipeline.php(208): Illuminate\Http\Middleware\ValidatePathEncoding->handle(Object(Illuminate\Http\Request), Object(Closure))
#55 C:\Users\ACER\MyTimeinUnivecity\CakraManggala\Web CakraManggala\vendor\laravel\framework\src\Illuminate\Pipeline\Pipeline.php(126): Illuminate\Pipeline\Pipeline->{closure:{closure:Illuminate\Pipeline\Pipeline::carry():183}:184}(Object(Illuminate\Http\Request))
#56 C:\Users\ACER\MyTimeinUnivecity\CakraManggala\Web CakraManggala\vendor\laravel\framework\src\Illuminate\Foundation\Http\Kernel.php(175): Illuminate\Pipeline\Pipeline->then(Object(Closure))
#57 C:\Users\ACER\MyTimeinUnivecity\CakraManggala\Web CakraManggala\vendor\laravel\framework\src\Illuminate\Foundation\Http\Kernel.php(144): Illuminate\Foundation\Http\Kernel->sendRequestThroughRouter(Object(Illuminate\Http\Request))
#58 C:\Users\ACER\MyTimeinUnivecity\CakraManggala\Web CakraManggala\vendor\laravel\framework\src\Illuminate\Foundation\Testing\Concerns\MakesHttpRequests.php(607): Illuminate\Foundation\Http\Kernel->handle(Object(Illuminate\Http\Request))
#59 C:\Users\ACER\MyTimeinUnivecity\CakraManggala\Web CakraManggala\vendor\laravel\framework\src\Illuminate\Foundation\Testing\Concerns\MakesHttpRequests.php(368): Illuminate\Foundation\Testing\TestCase->call('GET', '/', Array, Array, Array, Array)
#60 C:\Users\ACER\MyTimeinUnivecity\CakraManggala\Web CakraManggala\tests\Feature\ExampleTest.php(15): Illuminate\Foundation\Testing\TestCase->get('/')
#61 C:\Users\ACER\MyTimeinUnivecity\CakraManggala\Web CakraManggala\vendor\phpunit\phpunit\src\Framework\TestCase.php(1656): Tests\Feature\ExampleTest->test_the_application_returns_a_successful_response()
#62 C:\Users\ACER\MyTimeinUnivecity\CakraManggala\Web CakraManggala\vendor\phpunit\phpunit\src\Framework\TestCase.php(514): PHPUnit\Framework\TestCase->runTest()
#63 C:\Users\ACER\MyTimeinUnivecity\CakraManggala\Web CakraManggala\vendor\phpunit\phpunit\src\Framework\TestRunner\TestRunner.php(87): PHPUnit\Framework\TestCase->runBare()
#64 C:\Users\ACER\MyTimeinUnivecity\CakraManggala\Web CakraManggala\vendor\phpunit\phpunit\src\Framework\TestCase.php(361): PHPUnit\Framework\TestRunner->run(Object(Tests\Feature\ExampleTest))
#65 C:\Users\ACER\MyTimeinUnivecity\CakraManggala\Web CakraManggala\vendor\phpunit\phpunit\src\Framework\TestSuite.php(369): PHPUnit\Framework\TestCase->run()
#66 C:\Users\ACER\MyTimeinUnivecity\CakraManggala\Web CakraManggala\vendor\phpunit\phpunit\src\Framework\TestSuite.php(369): PHPUnit\Framework\TestSuite->run()
#67 C:\Users\ACER\MyTimeinUnivecity\CakraManggala\Web CakraManggala\vendor\phpunit\phpunit\src\Framework\TestSuite.php(369): PHPUnit\Framework\TestSuite->run()
#68 C:\Users\ACER\MyTimeinUnivecity\CakraManggala\Web CakraManggala\vendor\phpunit\phpunit\src\TextUI\TestRunner.php(64): PHPUnit\Framework\TestSuite->run()
#69 C:\Users\ACER\MyTimeinUnivecity\CakraManggala\Web CakraManggala\vendor\phpunit\phpunit\src\TextUI\Application.php(210): PHPUnit\TextUI\TestRunner->run(Object(PHPUnit\TextUI\Configuration\Configuration), Object(PHPUnit\Runner\ResultCache\DefaultResultCache), Object(PHPUnit\Framework\TestSuite))
#70 C:\Users\ACER\MyTimeinUnivecity\CakraManggala\Web CakraManggala\vendor\phpunit\phpunit\phpunit(104): PHPUnit\TextUI\Application->run(Array)
#71 {main}

Next Illuminate\Database\QueryException: SQLSTATE[HY000]: General error: 1 no such table: artikels (Connection: sqlite, SQL: select * from "artikels" where "status" = published order by "created_at" desc limit 6) in C:\Users\ACER\MyTimeinUnivecity\CakraManggala\Web CakraManggala\vendor\laravel\framework\src\Illuminate\Database\Connection.php:822
Stack trace:
#0 C:\Users\ACER\MyTimeinUnivecity\CakraManggala\Web CakraManggala\vendor\laravel\framework\src\Illuminate\Database\Connection.php(776): Illuminate\Database\Connection->runQueryCallback('select * from "...', Array, Object(Closure))
#1 C:\Users\ACER\MyTimeinUnivecity\CakraManggala\Web CakraManggala\vendor\laravel\framework\src\Illuminate\Database\Connection.php(395): Illuminate\Database\Connection->run('select * from "...', Array, Object(Closure))
#2 C:\Users\ACER\MyTimeinUnivecity\CakraManggala\Web CakraManggala\vendor\laravel\framework\src\Illuminate\Database\Query\Builder.php(3131): Illuminate\Database\Connection->select('select * from "...', Array, true)
#3 C:\Users\ACER\MyTimeinUnivecity\CakraManggala\Web CakraManggala\vendor\laravel\framework\src\Illuminate\Database\Query\Builder.php(3116): Illuminate\Database\Query\Builder->runSelect()
#4 C:\Users\ACER\MyTimeinUnivecity\CakraManggala\Web CakraManggala\vendor\laravel\framework\src\Illuminate\Database\Query\Builder.php(3706): Illuminate\Database\Query\Builder->{closure:Illuminate\Database\Query\Builder::get():3115}()
#5 C:\Users\ACER\MyTimeinUnivecity\CakraManggala\Web CakraManggala\vendor\laravel\framework\src\Illuminate\Database\Query\Builder.php(3115): Illuminate\Database\Query\Builder->onceWithColumns(Array, Object(Closure))
#6 C:\Users\ACER\MyTimeinUnivecity\CakraManggala\Web CakraManggala\vendor\laravel\framework\src\Illuminate\Database\Eloquent\Builder.php(872): Illuminate\Database\Query\Builder->get(Array)
#7 C:\Users\ACER\MyTimeinUnivecity\CakraManggala\Web CakraManggala\vendor\laravel\framework\src\Illuminate\Database\Eloquent\Builder.php(854): Illuminate\Database\Eloquent\Builder->getModels(Array)
#8 C:\Users\ACER\MyTimeinUnivecity\CakraManggala\Web CakraManggala\app\Http\Controllers\HomeController.php(21): Illuminate\Database\Eloquent\Builder->get()
#9 C:\Users\ACER\MyTimeinUnivecity\CakraManggala\Web CakraManggala\vendor\laravel\framework\src\Illuminate\Routing\Controller.php(54): App\Http\Controllers\HomeController->index()
#10 C:\Users\ACER\MyTimeinUnivecity\CakraManggala\Web CakraManggala\vendor\laravel\framework\src\Illuminate\Routing\ControllerDispatcher.php(43): Illuminate\Routing\Controller->callAction('index', Array)
#11 C:\Users\ACER\MyTimeinUnivecity\CakraManggala\Web CakraManggala\vendor\laravel\framework\src\Illuminate\Routing\Route.php(265): Illuminate\Routing\ControllerDispatcher->dispatch(Object(Illuminate\Routing\Route), Object(App\Http\Controllers\HomeController), 'index')
#12 C:\Users\ACER\MyTimeinUnivecity\CakraManggala\Web CakraManggala\vendor\laravel\framework\src\Illuminate\Routing\Route.php(211): Illuminate\Routing\Route->runController()
#13 C:\Users\ACER\MyTimeinUnivecity\CakraManggala\Web CakraManggala\vendor\laravel\framework\src\Illuminate\Routing\Router.php(808): Illuminate\Routing\Route->run()
#14 C:\Users\ACER\MyTimeinUnivecity\CakraManggala\Web CakraManggala\vendor\laravel\framework\src\Illuminate\Pipeline\Pipeline.php(169): Illuminate\Routing\Router->{closure:Illuminate\Routing\Router::runRouteWithinStack():807}(Object(Illuminate\Http\Request))
#15 C:\Users\ACER\MyTimeinUnivecity\CakraManggala\Web CakraManggala\vendor\laravel\framework\src\Illuminate\Routing\Middleware\SubstituteBindings.php(50): Illuminate\Pipeline\Pipeline->{closure:Illuminate\Pipeline\Pipeline::prepareDestination():167}(Object(Illuminate\Http\Request))
#16 C:\Users\ACER\MyTimeinUnivecity\CakraManggala\Web CakraManggala\vendor\laravel\framework\src\Illuminate\Pipeline\Pipeline.php(208): Illuminate\Routing\Middleware\SubstituteBindings->handle(Object(Illuminate\Http\Request), Object(Closure))
#17 C:\Users\ACER\MyTimeinUnivecity\CakraManggala\Web CakraManggala\vendor\laravel\framework\src\Illuminate\Foundation\Http\Middleware\VerifyCsrfToken.php(87): Illuminate\Pipeline\Pipeline->{closure:{closure:Illuminate\Pipeline\Pipeline::carry():183}:184}(Object(Illuminate\Http\Request))
#18 C:\Users\ACER\MyTimeinUnivecity\CakraManggala\Web CakraManggala\vendor\laravel\framework\src\Illuminate\Pipeline\Pipeline.php(208): Illuminate\Foundation\Http\Middleware\VerifyCsrfToken->handle(Object(Illuminate\Http\Request), Object(Closure))
#19 C:\Users\ACER\MyTimeinUnivecity\CakraManggala\Web CakraManggala\vendor\laravel\framework\src\Illuminate\View\Middleware\ShareErrorsFromSession.php(48): Illuminate\Pipeline\Pipeline->{closure:{closure:Illuminate\Pipeline\Pipeline::carry():183}:184}(Object(Illuminate\Http\Request))
#20 C:\Users\ACER\MyTimeinUnivecity\CakraManggala\Web CakraManggala\vendor\laravel\framework\src\Illuminate\Pipeline\Pipeline.php(208): Illuminate\View\Middleware\ShareErrorsFromSession->handle(Object(Illuminate\Http\Request), Object(Closure))
#21 C:\Users\ACER\MyTimeinUnivecity\CakraManggala\Web CakraManggala\vendor\laravel\framework\src\Illuminate\Session\Middleware\StartSession.php(120): Illuminate\Pipeline\Pipeline->{closure:{closure:Illuminate\Pipeline\Pipeline::carry():183}:184}(Object(Illuminate\Http\Request))
#22 C:\Users\ACER\MyTimeinUnivecity\CakraManggala\Web CakraManggala\vendor\laravel\framework\src\Illuminate\Session\Middleware\StartSession.php(63): Illuminate\Session\Middleware\StartSession->handleStatefulRequest(Object(Illuminate\Http\Request), Object(Illuminate\Session\Store), Object(Closure))
#23 C:\Users\ACER\MyTimeinUnivecity\CakraManggala\Web CakraManggala\vendor\laravel\framework\src\Illuminate\Pipeline\Pipeline.php(208): Illuminate\Session\Middleware\StartSession->handle(Object(Illuminate\Http\Request), Object(Closure))
#24 C:\Users\ACER\MyTimeinUnivecity\CakraManggala\Web CakraManggala\vendor\laravel\framework\src\Illuminate\Cookie\Middleware\AddQueuedCookiesToResponse.php(36): Illuminate\Pipeline\Pipeline->{closure:{closure:Illuminate\Pipeline\Pipeline::carry():183}:184}(Object(Illuminate\Http\Request))
#25 C:\Users\ACER\MyTimeinUnivecity\CakraManggala\Web CakraManggala\vendor\laravel\framework\src\Illuminate\Pipeline\Pipeline.php(208): Illuminate\Cookie\Middleware\AddQueuedCookiesToResponse->handle(Object(Illuminate\Http\Request), Object(Closure))
#26 C:\Users\ACER\MyTimeinUnivecity\CakraManggala\Web CakraManggala\vendor\laravel\framework\src\Illuminate\Cookie\Middleware\EncryptCookies.php(74): Illuminate\Pipeline\Pipeline->{closure:{closure:Illuminate\Pipeline\Pipeline::carry():183}:184}(Object(Illuminate\Http\Request))
#27 C:\Users\ACER\MyTimeinUnivecity\CakraManggala\Web CakraManggala\vendor\laravel\framework\src\Illuminate\Pipeline\Pipeline.php(208): Illuminate\Cookie\Middleware\EncryptCookies->handle(Object(Illuminate\Http\Request), Object(Closure))
#28 C:\Users\ACER\MyTimeinUnivecity\CakraManggala\Web CakraManggala\vendor\laravel\framework\src\Illuminate\Pipeline\Pipeline.php(126): Illuminate\Pipeline\Pipeline->{closure:{closure:Illuminate\Pipeline\Pipeline::carry():183}:184}(Object(Illuminate\Http\Request))
#29 C:\Users\ACER\MyTimeinUnivecity\CakraManggala\Web CakraManggala\vendor\laravel\framework\src\Illuminate\Routing\Router.php(807): Illuminate\Pipeline\Pipeline->then(Object(Closure))
#30 C:\Users\ACER\MyTimeinUnivecity\CakraManggala\Web CakraManggala\vendor\laravel\framework\src\Illuminate\Routing\Router.php(786): Illuminate\Routing\Router->runRouteWithinStack(Object(Illuminate\Routing\Route), Object(Illuminate\Http\Request))
#31 C:\Users\ACER\MyTimeinUnivecity\CakraManggala\Web CakraManggala\vendor\laravel\framework\src\Illuminate\Routing\Router.php(750): Illuminate\Routing\Router->runRoute(Object(Illuminate\Http\Request), Object(Illuminate\Routing\Route))
#32 C:\Users\ACER\MyTimeinUnivecity\CakraManggala\Web CakraManggala\vendor\laravel\framework\src\Illuminate\Routing\Router.php(739): Illuminate\Routing\Router->dispatchToRoute(Object(Illuminate\Http\Request))
#33 C:\Users\ACER\MyTimeinUnivecity\CakraManggala\Web CakraManggala\vendor\laravel\framework\src\Illuminate\Foundation\Http\Kernel.php(200): Illuminate\Routing\Router->dispatch(Object(Illuminate\Http\Request))
#34 C:\Users\ACER\MyTimeinUnivecity\CakraManggala\Web CakraManggala\vendor\laravel\framework\src\Illuminate\Pipeline\Pipeline.php(169): Illuminate\Foundation\Http\Kernel->{closure:Illuminate\Foundation\Http\Kernel::dispatchToRouter():197}(Object(Illuminate\Http\Request))
#35 C:\Users\ACER\MyTimeinUnivecity\CakraManggala\Web CakraManggala\vendor\laravel\framework\src\Illuminate\Foundation\Http\Middleware\TransformsRequest.php(21): Illuminate\Pipeline\Pipeline->{closure:Illuminate\Pipeline\Pipeline::prepareDestination():167}(Object(Illuminate\Http\Request))
#36 C:\Users\ACER\MyTimeinUnivecity\CakraManggala\Web CakraManggala\vendor\laravel\framework\src\Illuminate\Foundation\Http\Middleware\ConvertEmptyStringsToNull.php(31): Illuminate\Foundation\Http\Middleware\TransformsRequest->handle(Object(Illuminate\Http\Request), Object(Closure))
#37 C:\Users\ACER\MyTimeinUnivecity\CakraManggala\Web CakraManggala\vendor\laravel\framework\src\Illuminate\Pipeline\Pipeline.php(208): Illuminate\Foundation\Http\Middleware\ConvertEmptyStringsToNull->handle(Object(Illuminate\Http\Request), Object(Closure))
#38 C:\Users\ACER\MyTimeinUnivecity\CakraManggala\Web CakraManggala\vendor\laravel\framework\src\Illuminate\Foundation\Http\Middleware\TransformsRequest.php(21): Illuminate\Pipeline\Pipeline->{closure:{closure:Illuminate\Pipeline\Pipeline::carry():183}:184}(Object(Illuminate\Http\Request))
#39 C:\Users\ACER\MyTimeinUnivecity\CakraManggala\Web CakraManggala\vendor\laravel\framework\src\Illuminate\Foundation\Http\Middleware\TrimStrings.php(51): Illuminate\Foundation\Http\Middleware\TransformsRequest->handle(Object(Illuminate\Http\Request), Object(Closure))
#40 C:\Users\ACER\MyTimeinUnivecity\CakraManggala\Web CakraManggala\vendor\laravel\framework\src\Illuminate\Pipeline\Pipeline.php(208): Illuminate\Foundation\Http\Middleware\TrimStrings->handle(Object(Illuminate\Http\Request), Object(Closure))
#41 C:\Users\ACER\MyTimeinUnivecity\CakraManggala\Web CakraManggala\vendor\laravel\framework\src\Illuminate\Http\Middleware\ValidatePostSize.php(27): Illuminate\Pipeline\Pipeline->{closure:{closure:Illuminate\Pipeline\Pipeline::carry():183}:184}(Object(Illuminate\Http\Request))
#42 C:\Users\ACER\MyTimeinUnivecity\CakraManggala\Web CakraManggala\vendor\laravel\framework\src\Illuminate\Pipeline\Pipeline.php(208): Illuminate\Http\Middleware\ValidatePostSize->handle(Object(Illuminate\Http\Request), Object(Closure))
#43 C:\Users\ACER\MyTimeinUnivecity\CakraManggala\Web CakraManggala\vendor\laravel\framework\src\Illuminate\Foundation\Http\Middleware\PreventRequestsDuringMaintenance.php(109): Illuminate\Pipeline\Pipeline->{closure:{closure:Illuminate\Pipeline\Pipeline::carry():183}:184}(Object(Illuminate\Http\Request))
#44 C:\Users\ACER\MyTimeinUnivecity\CakraManggala\Web CakraManggala\vendor\laravel\framework\src\Illuminate\Pipeline\Pipeline.php(208): Illuminate\Foundation\Http\Middleware\PreventRequestsDuringMaintenance->handle(Object(Illuminate\Http\Request), Object(Closure))
#45 C:\Users\ACER\MyTimeinUnivecity\CakraManggala\Web CakraManggala\vendor\laravel\framework\src\Illuminate\Http\Middleware\HandleCors.php(48): Illuminate\Pipeline\Pipeline->{closure:{closure:Illuminate\Pipeline\Pipeline::carry():183}:184}(Object(Illuminate\Http\Request))
#46 C:\Users\ACER\MyTimeinUnivecity\CakraManggala\Web CakraManggala\vendor\laravel\framework\src\Illuminate\Pipeline\Pipeline.php(208): Illuminate\Http\Middleware\HandleCors->handle(Object(Illuminate\Http\Request), Object(Closure))
#47 C:\Users\ACER\MyTimeinUnivecity\CakraManggala\Web CakraManggala\vendor\laravel\framework\src\Illuminate\Http\Middleware\TrustProxies.php(58): Illuminate\Pipeline\Pipeline->{closure:{closure:Illuminate\Pipeline\Pipeline::carry():183}:184}(Object(Illuminate\Http\Request))
#48 C:\Users\ACER\MyTimeinUnivecity\CakraManggala\Web CakraManggala\vendor\laravel\framework\src\Illuminate\Pipeline\Pipeline.php(208): Illuminate\Http\Middleware\TrustProxies->handle(Object(Illuminate\Http\Request), Object(Closure))
#49 C:\Users\ACER\MyTimeinUnivecity\CakraManggala\Web CakraManggala\vendor\laravel\framework\src\Illuminate\Foundation\Http\Middleware\InvokeDeferredCallbacks.php(22): Illuminate\Pipeline\Pipeline->{closure:{closure:Illuminate\Pipeline\Pipeline::carry():183}:184}(Object(Illuminate\Http\Request))
#50 C:\Users\ACER\MyTimeinUnivecity\CakraManggala\Web CakraManggala\vendor\laravel\framework\src\Illuminate\Pipeline\Pipeline.php(208): Illuminate\Foundation\Http\Middleware\InvokeDeferredCallbacks->handle(Object(Illuminate\Http\Request), Object(Closure))
#51 C:\Users\ACER\MyTimeinUnivecity\CakraManggala\Web CakraManggala\vendor\laravel\framework\src\Illuminate\Http\Middleware\ValidatePathEncoding.php(26): Illuminate\Pipeline\Pipeline->{closure:{closure:Illuminate\Pipeline\Pipeline::carry():183}:184}(Object(Illuminate\Http\Request))
#52 C:\Users\ACER\MyTimeinUnivecity\CakraManggala\Web CakraManggala\vendor\laravel\framework\src\Illuminate\Pipeline\Pipeline.php(208): Illuminate\Http\Middleware\ValidatePathEncoding->handle(Object(Illuminate\Http\Request), Object(Closure))
#53 C:\Users\ACER\MyTimeinUnivecity\CakraManggala\Web CakraManggala\vendor\laravel\framework\src\Illuminate\Pipeline\Pipeline.php(126): Illuminate\Pipeline\Pipeline->{closure:{closure:Illuminate\Pipeline\Pipeline::carry():183}:184}(Object(Illuminate\Http\Request))
#54 C:\Users\ACER\MyTimeinUnivecity\CakraManggala\Web CakraManggala\vendor\laravel\framework\src\Illuminate\Foundation\Http\Kernel.php(175): Illuminate\Pipeline\Pipeline->then(Object(Closure))
#55 C:\Users\ACER\MyTimeinUnivecity\CakraManggala\Web CakraManggala\vendor\laravel\framework\src\Illuminate\Foundation\Http\Kernel.php(144): Illuminate\Foundation\Http\Kernel->sendRequestThroughRouter(Object(Illuminate\Http\Request))
#56 C:\Users\ACER\MyTimeinUnivecity\CakraManggala\Web CakraManggala\vendor\laravel\framework\src\Illuminate\Foundation\Testing\Concerns\MakesHttpRequests.php(607): Illuminate\Foundation\Http\Kernel->handle(Object(Illuminate\Http\Request))
#57 C:\Users\ACER\MyTimeinUnivecity\CakraManggala\Web CakraManggala\vendor\laravel\framework\src\Illuminate\Foundation\Testing\Concerns\MakesHttpRequests.php(368): Illuminate\Foundation\Testing\TestCase->call('GET', '/', Array, Array, Array, Array)
#58 C:\Users\ACER\MyTimeinUnivecity\CakraManggala\Web CakraManggala\tests\Feature\ExampleTest.php(15): Illuminate\Foundation\Testing\TestCase->get('/')
#59 C:\Users\ACER\MyTimeinUnivecity\CakraManggala\Web CakraManggala\vendor\phpunit\phpunit\src\Framework\TestCase.php(1656): Tests\Feature\ExampleTest->test_the_application_returns_a_successful_response()
#60 C:\Users\ACER\MyTimeinUnivecity\CakraManggala\Web CakraManggala\vendor\phpunit\phpunit\src\Framework\TestCase.php(514): PHPUnit\Framework\TestCase->runTest()
#61 C:\Users\ACER\MyTimeinUnivecity\CakraManggala\Web CakraManggala\vendor\phpunit\phpunit\src\Framework\TestRunner\TestRunner.php(87): PHPUnit\Framework\TestCase->runBare()
#62 C:\Users\ACER\MyTimeinUnivecity\CakraManggala\Web CakraManggala\vendor\phpunit\phpunit\src\Framework\TestCase.php(361): PHPUnit\Framework\TestRunner->run(Object(Tests\Feature\ExampleTest))
#63 C:\Users\ACER\MyTimeinUnivecity\CakraManggala\Web CakraManggala\vendor\phpunit\phpunit\src\Framework\TestSuite.php(369): PHPUnit\Framework\TestCase->run()
#64 C:\Users\ACER\MyTimeinUnivecity\CakraManggala\Web CakraManggala\vendor\phpunit\phpunit\src\Framework\TestSuite.php(369): PHPUnit\Framework\TestSuite->run()
#65 C:\Users\ACER\MyTimeinUnivecity\CakraManggala\Web CakraManggala\vendor\phpunit\phpunit\src\Framework\TestSuite.php(369): PHPUnit\Framework\TestSuite->run()
#66 C:\Users\ACER\MyTimeinUnivecity\CakraManggala\Web CakraManggala\vendor\phpunit\phpunit\src\TextUI\TestRunner.php(64): PHPUnit\Framework\TestSuite->run()
#67 C:\Users\ACER\MyTimeinUnivecity\CakraManggala\Web CakraManggala\vendor\phpunit\phpunit\src\TextUI\Application.php(210): PHPUnit\TextUI\TestRunner->run(Object(PHPUnit\TextUI\Configuration\Configuration), Object(PHPUnit\Runner\ResultCache\DefaultResultCache), Object(PHPUnit\Framework\TestSuite))
#68 C:\Users\ACER\MyTimeinUnivecity\CakraManggala\Web CakraManggala\vendor\phpunit\phpunit\phpunit(104): PHPUnit\TextUI\Application->run(Array)
#69 {main}

----------------------------------------------------------------------------------

SQLSTATE[HY000]: General error: 1 no such table: artikels (Connection: sqlite, SQL: select * from "artikels" where "status" = published order by "created_at" desc limit 6)

  at tests\Feature\ExampleTest.php:17
     13Γûò     public function test_the_application_returns_a_successful_response(): void
     14Γûò     {
     15Γûò         $response = $this->get('/');
     16Γûò 
  Γ₧£  17Γûò         $response->assertStatus(200);
     18Γûò     }
     19Γûò }
     20Γûò


  Tests:    1 failed, 1 passed (2 assertions)
  Duration: 3.19s

